started emulator: 5-IncubatorPTEmulator/pt_emulator_service.py (pid 60275)
started controller: 2-Controller-Modelling/controller.py (pid 60303)
pre-heat: recording the climb to 36 C
pre-heat done: T = 36.02 C
warmup: recording 1 thermostat cycles
  warmup: t = 505 s, T = 35.94 C, 0/1 cycles
  warmup: t = 565 s, T = 37.03 C, 0/1 cycles
  warmup: t = 625 s, T = 38.29 C, 0/1 cycles
  warmup: t = 685 s, T = 38.81 C, 0/1 cycles
  warmup: t = 745 s, T = 39.44 C, 0/1 cycles
  warmup: t = 805 s, T = 39.61 C, 0/1 cycles
  warmup: t = 865 s, T = 38.94 C, 0/1 cycles
  warmup: t = 925 s, T = 38.24 C, 0/1 cycles
  warmup: t = 986 s, T = 36.49 C, 0/1 cycles
warmup complete: T = 35.92 C
normal: recording 3 thermostat cycles
  normal: t = 1049 s, T = 35.69 C, 0/3 cycles
  normal: t = 1109 s, T = 35.97 C, 0/3 cycles
  normal: t = 1169 s, T = 36.35 C, 0/3 cycles
  normal: t = 1229 s, T = 37.21 C, 0/3 cycles
  normal: t = 1289 s, T = 37.20 C, 0/3 cycles
  normal: t = 1349 s, T = 38.01 C, 0/3 cycles
  normal: t = 1409 s, T = 38.75 C, 0/3 cycles
  normal: t = 1469 s, T = 40.20 C, 0/3 cycles
  normal: t = 1529 s, T = 39.60 C, 0/3 cycles
  normal: t = 1589 s, T = 38.58 C, 0/3 cycles
  normal: t = 1649 s, T = 37.41 C, 0/3 cycles
  normal: t = 1709 s, T = 36.22 C, 0/3 cycles
  normal: t = 1769 s, T = 35.52 C, 1/3 cycles
  normal: t = 1829 s, T = 35.56 C, 1/3 cycles
  normal: t = 1890 s, T = 36.86 C, 1/3 cycles
  normal: t = 1950 s, T = 37.61 C, 1/3 cycles
  normal: t = 2010 s, T = 39.09 C, 1/3 cycles
  normal: t = 2070 s, T = 38.94 C, 1/3 cycles
  normal: t = 2130 s, T = 37.68 C, 1/3 cycles
  normal: t = 2190 s, T = 36.94 C, 1/3 cycles
  normal: t = 2250 s, T = 35.69 C, 2/3 cycles
  normal: t = 2310 s, T = 36.33 C, 2/3 cycles
  normal: t = 2370 s, T = 37.37 C, 2/3 cycles
  normal: t = 2430 s, T = 38.61 C, 2/3 cycles
  normal: t = 2490 s, T = 39.53 C, 2/3 cycles
  normal: t = 2550 s, T = 39.59 C, 2/3 cycles
  normal: t = 2610 s, T = 39.11 C, 2/3 cycles
  normal: t = 2670 s, T = 38.33 C, 2/3 cycles
  normal: t = 2730 s, T = 37.04 C, 2/3 cycles
  normal: t = 2791 s, T = 36.56 C, 2/3 cycles
normal complete: T = 35.82 C
lid_open: opened at t = 2812 s (T = 34.62 C), recording 1200 s
  lid_open: t = 2815 s, T = 33.54 C
  lid_open: t = 2875 s, T = 25.61 C
  lid_open: t = 2935 s, T = 24.62 C
  lid_open: t = 2995 s, T = 24.12 C
  lid_open: t = 3055 s, T = 24.51 C
  lid_open: t = 3115 s, T = 24.13 C
  lid_open: t = 3175 s, T = 23.69 C
  lid_open: t = 3235 s, T = 23.39 C
  lid_open: t = 3295 s, T = 23.22 C
  lid_open: t = 3355 s, T = 23.51 C
  lid_open: t = 3415 s, T = 23.43 C
  lid_open: t = 3475 s, T = 23.25 C
  lid_open: t = 3535 s, T = 23.60 C
  lid_open: t = 3596 s, T = 23.29 C
  lid_open: t = 3656 s, T = 23.18 C
  lid_open: t = 3716 s, T = 23.22 C
  lid_open: t = 3776 s, T = 23.74 C
  lid_open: t = 3836 s, T = 23.60 C
  lid_open: t = 3896 s, T = 23.66 C
  lid_open: t = 3956 s, T = 23.14 C
lid_open complete: T = 23.06 C
captured 1337 samples -> data/signal.csv
captured update latency  -> data/latency.csv
stopped emulator
stopped controller
